[docs.sympy.org/latest/index.html]
[backblue.gif]
[fade.gif]
[index.html]
[docs.sympy.org/latest/_static/pygments.css]
[docs.sympy.org/latest/_static/default.css]
[docs.sympy.org/latest/_static/graphviz.css]
[docs.sympy.org/latest/_static/plot_directive.css]
[docs.sympy.org/latest/_static/underscore.js]
[docs.sympy.org/latest/_static/doctools.js]
[docs.sympy.org/latest/search.html]
[docs.sympy.org/latest/install.html]
[docs.sympy.org/latest/py-modindex.html]
[docs.sympy.org/latest/tutorial/index.html]
[docs.sympy.org/latest/tutorial/preliminaries.html]
[docs.sympy.org/latest/tutorial/intro.html]
[docs.sympy.org/latest/tutorial/gotchas.html]
[docs.sympy.org/latest/tutorial/basic_operations.html]
[docs.sympy.org/latest/tutorial/printing.html]
[docs.sympy.org/latest/tutorial/simplification.html]
[docs.sympy.org/latest/tutorial/calculus.html]
[docs.sympy.org/latest/tutorial/solvers.html]
[docs.sympy.org/latest/tutorial/matrices.html]
[docs.sympy.org/latest/tutorial/manipulation.html]
[docs.sympy.org/latest/guides/index.html]
[docs.sympy.org/latest/guides/assumptions.html]
[docs.sympy.org/latest/guides/booleans.html]
[docs.sympy.org/latest/gotchas.html]
[docs.sympy.org/latest/modules/index.html]
[docs.sympy.org/latest/modules/abc.html]
[docs.sympy.org/latest/modules/algebras.html]
[docs.sympy.org/latest/modules/assumptions/index.html]
[docs.sympy.org/latest/modules/calculus/index.html]
[docs.sympy.org/latest/modules/categories.html]
[docs.sympy.org/latest/modules/codegen.html]
[docs.sympy.org/latest/modules/combinatorics/index.html]
[docs.sympy.org/latest/modules/concrete.html]
[docs.sympy.org/latest/modules/core.html]
[docs.sympy.org/latest/modules/crypto.html]
[docs.sympy.org/latest/modules/diffgeom.html]
[docs.sympy.org/latest/modules/solvers/diophantine.html]
[docs.sympy.org/latest/modules/discrete.html]
[docs.sympy.org/latest/modules/evalf.html]
[docs.sympy.org/latest/modules/functions/index.html]
[docs.sympy.org/latest/modules/geometry/index.html]
[docs.sympy.org/latest/modules/holonomic/index.html]
[docs.sympy.org/latest/modules/solvers/inequalities.html]
[docs.sympy.org/latest/modules/integrals/integrals.html]
[docs.sympy.org/latest/modules/integrals/g-functions.html]
[docs.sympy.org/latest/modules/interactive.html]
[docs.sympy.org/latest/modules/liealgebras/index.html]
[docs.sympy.org/latest/modules/logic.html]
[docs.sympy.org/latest/modules/matrices/index.html]
[docs.sympy.org/latest/modules/ntheory.html]
[docs.sympy.org/latest/modules/numeric-computation.html]
[docs.sympy.org/latest/modules/solvers/ode.html]
[docs.sympy.org/latest/modules/parsing.html]
[docs.sympy.org/latest/modules/solvers/pde.html]
[docs.sympy.org/latest/modules/physics/index.html]
[docs.sympy.org/latest/modules/plotting.html]
[docs.sympy.org/latest/modules/polys/index.html]
[docs.sympy.org/latest/modules/printing.html]
[docs.sympy.org/latest/modules/rewriting.html]
[docs.sympy.org/latest/modules/series/index.html]
[docs.sympy.org/latest/modules/sets.html]
[docs.sympy.org/latest/modules/simplify/index.html]
[docs.sympy.org/latest/modules/solvers/solvers.html]
[docs.sympy.org/latest/modules/solvers/solveset.html]
[docs.sympy.org/latest/modules/stats.html]
[docs.sympy.org/latest/modules/tensor/index.html]
[docs.sympy.org/latest/modules/testing/index.html]
[docs.sympy.org/latest/modules/utilities/index.html]
[docs.sympy.org/latest/modules/vector/index.html]
[docs.sympy.org/latest/special_topics/index.html]
[docs.sympy.org/latest/special_topics/intro.html]
[docs.sympy.org/latest/special_topics/finite_diff_derivatives.html]
[docs.sympy.org/latest/special_topics/classification.html]
[docs.sympy.org/latest/wiki.html]
[docs.sympy.org/latest/outreach.html]
[docs.sympy.org/latest/aboutus.html]
[docs.sympy.org/latest/citing.html]
[docs.sympy.org/latest/_static/sympylogo.png]
[docs.sympy.org/latest/documentation-style-guide.html]
[docs.sympy.org/latest/_sources/index.rst.txt]
[docs.sympy.org/latest/index.html]
[docs.sympy.org/latest/_static/pygments.css]
[docs.sympy.org/latest/_static/classic.css]
[docs.sympy.org/latest/_static/default.css]
[docs.sympy.org/latest/_static/graphviz.css]
[docs.sympy.org/latest/_static/plot_directive.css]
[docs.sympy.org/latest/_static/documentation_options.js]
[docs.sympy.org/latest/_static/jquery.js]
[docs.sympy.org/latest/_static/sympy-notailtext-favicon.ico]
[docs.sympy.org/latest/genindex.html]
[docs.sympy.org/latest/_static/searchtools.js]
[docs.sympy.org/latest/_static/language_data.js]
[docs.sympy.org/latest/search.html]
[docs.sympy.org/latest/searchindex.js]
[docs.sympy.org/latest/install.html]
[docs.sympy.org/latest/_sources/install.rst.txt]
[docs.sympy.org/latest/_static/minus.png]
[docs.sympy.org/latest/modules/assumptions/ask.html]
[docs.sympy.org/latest/modules/assumptions/assume.html]
[docs.sympy.org/latest/modules/assumptions/predicates.html]
[docs.sympy.org/latest/modules/assumptions/refine.html]
[docs.sympy.org/latest/modules/combinatorics/permutations.html]
[docs.sympy.org/latest/modules/combinatorics/graycode.html]
[docs.sympy.org/latest/modules/combinatorics/group_constructs.html]
[docs.sympy.org/latest/modules/combinatorics/named_groups.html]
[docs.sympy.org/latest/modules/combinatorics/partitions.html]
[docs.sympy.org/latest/modules/combinatorics/perm_groups.html]
[docs.sympy.org/latest/modules/combinatorics/polyhedron.html]
[docs.sympy.org/latest/modules/combinatorics/prufer.html]
[docs.sympy.org/latest/modules/combinatorics/subsets.html]
[docs.sympy.org/latest/modules/combinatorics/tensor_can.html]
[docs.sympy.org/latest/modules/combinatorics/testutil.html]
[docs.sympy.org/latest/modules/combinatorics/util.html]
[docs.sympy.org/latest/modules/functions/special.html]
[docs.sympy.org/latest/modules/geometry/curves.html]
[docs.sympy.org/latest/modules/geometry/ellipses.html]
[docs.sympy.org/latest/modules/geometry/entities.html]
[docs.sympy.org/latest/modules/geometry/lines.html]
[docs.sympy.org/latest/modules/geometry/plane.html]
[docs.sympy.org/latest/modules/geometry/points.html]
[docs.sympy.org/latest/modules/geometry/polygons.html]
[docs.sympy.org/latest/modules/geometry/utils.html]
[docs.sympy.org/latest/modules/matrices/common.html]
[docs.sympy.org/latest/modules/matrices/expressions.html]
[docs.sympy.org/latest/modules/matrices/immutablematrices.html]
[docs.sympy.org/latest/modules/matrices/matrices.html]
[docs.sympy.org/latest/modules/matrices/sparse.html]
[docs.sympy.org/latest/modules/matrices/sparsetools.html]
[docs.sympy.org/latest/modules/physics/continuum_mechanics/beam.html]
[docs.sympy.org/latest/modules/physics/control/index.html]
[docs.sympy.org/latest/modules/physics/control/lti.html]
[docs.sympy.org/latest/modules/physics/hep/index.html]
[docs.sympy.org/latest/modules/physics/hydrogen.html]
[docs.sympy.org/latest/modules/physics/matrices.html]
[docs.sympy.org/latest/modules/physics/mechanics/index.html]
[docs.sympy.org/latest/modules/physics/mechanics/api/body.html]
[docs.sympy.org/latest/modules/physics/mechanics/api/joint.html]
[docs.sympy.org/latest/modules/physics/mechanics/api/kane_lagrange.html]
[docs.sympy.org/latest/modules/physics/mechanics/api/linearize.html]
[docs.sympy.org/latest/modules/physics/mechanics/api/part_bod.html]
[docs.sympy.org/latest/modules/physics/mechanics/api/system.html]
[docs.sympy.org/latest/modules/physics/optics/gaussopt.html]
[docs.sympy.org/latest/modules/physics/optics/medium.html]
[docs.sympy.org/latest/modules/physics/optics/polarization.html]
[docs.sympy.org/latest/modules/physics/optics/utils.html]
[docs.sympy.org/latest/modules/physics/optics/waves.html]
[docs.sympy.org/latest/modules/physics/paulialgebra.html]
[docs.sympy.org/latest/modules/physics/qho_1d.html]
[docs.sympy.org/latest/modules/physics/quantum/anticommutator.html]
[docs.sympy.org/latest/modules/physics/quantum/cartesian.html]
[docs.sympy.org/latest/modules/physics/quantum/cg.html]
[docs.sympy.org/latest/modules/physics/quantum/circuitplot.html]
[docs.sympy.org/latest/modules/physics/quantum/commutator.html]
[docs.sympy.org/latest/modules/physics/quantum/constants.html]
[docs.sympy.org/latest/modules/physics/quantum/dagger.html]
[docs.sympy.org/latest/modules/physics/quantum/gate.html]
[docs.sympy.org/latest/modules/physics/quantum/grover.html]
[docs.sympy.org/latest/modules/physics/quantum/hilbert.html]
[docs.sympy.org/latest/modules/physics/quantum/innerproduct.html]
[docs.sympy.org/latest/modules/physics/quantum/operator.html]
[docs.sympy.org/latest/modules/physics/quantum/operatorset.html]
[docs.sympy.org/latest/modules/physics/quantum/piab.html]
[docs.sympy.org/latest/modules/physics/quantum/qapply.html]
[docs.sympy.org/latest/modules/physics/quantum/qft.html]
[docs.sympy.org/latest/modules/physics/quantum/qubit.html]
[docs.sympy.org/latest/modules/physics/quantum/represent.html]
[docs.sympy.org/latest/modules/physics/quantum/shor.html]
[docs.sympy.org/latest/modules/physics/quantum/spin.html]
[docs.sympy.org/latest/modules/physics/quantum/state.html]
[docs.sympy.org/latest/modules/physics/quantum/tensorproduct.html]
[docs.sympy.org/latest/modules/physics/secondquant.html]
[docs.sympy.org/latest/modules/physics/sho.html]
[docs.sympy.org/latest/modules/physics/units/dimensions.html]
[docs.sympy.org/latest/modules/physics/units/prefixes.html]
[docs.sympy.org/latest/modules/physics/units/quantities.html]
[docs.sympy.org/latest/modules/physics/units/unitsystem.html]
[docs.sympy.org/latest/modules/physics/vector/index.html]
[docs.sympy.org/latest/modules/physics/vector/api/kinematics.html]
[docs.sympy.org/latest/modules/physics/wigner.html]
[docs.sympy.org/latest/modules/polys/reference.html]
[docs.sympy.org/latest/modules/polys/internals.html]
[docs.sympy.org/latest/modules/polys/solvers.html]
[docs.sympy.org/latest/modules/simplify/simplify.html]
[docs.sympy.org/latest/modules/simplify/hyperexpand.html]
[docs.sympy.org/latest/modules/tensor/array.html]
[docs.sympy.org/latest/modules/tensor/index_methods.html]
[docs.sympy.org/latest/modules/tensor/indexed.html]
[docs.sympy.org/latest/modules/tensor/tensor.html]
[docs.sympy.org/latest/modules/tensor/toperators.html]
[docs.sympy.org/latest/modules/testing/pytest.html]
[docs.sympy.org/latest/modules/testing/randtest.html]
[docs.sympy.org/latest/modules/testing/runtests.html]
[docs.sympy.org/latest/modules/utilities/autowrap.html]
[docs.sympy.org/latest/modules/utilities/codegen.html]
[docs.sympy.org/latest/modules/utilities/decorator.html]
[docs.sympy.org/latest/modules/utilities/enumerative.html]
[docs.sympy.org/latest/modules/utilities/iterables.html]
[docs.sympy.org/latest/modules/utilities/lambdify.html]
[docs.sympy.org/latest/modules/utilities/memoization.html]
[docs.sympy.org/latest/modules/utilities/misc.html]
[docs.sympy.org/latest/modules/utilities/pkgdata.html]
[docs.sympy.org/latest/modules/utilities/source.html]
[docs.sympy.org/latest/modules/utilities/timeutils.html]
[docs.sympy.org/latest/py-modindex.html]
[docs.sympy.org/latest/_sources/tutorial/index.rst.txt]
[docs.sympy.org/latest/tutorial/index.html]
[docs.sympy.org/latest/_sources/tutorial/preliminaries.rst.txt]
[docs.sympy.org/latest/tutorial/preliminaries.html]
[docs.sympy.org/latest/_sources/tutorial/intro.rst.txt]
[docs.sympy.org/latest/tutorial/intro.html]
[docs.sympy.org/latest/_sources/tutorial/gotchas.rst.txt]
[docs.sympy.org/latest/tutorial/gotchas.html]
[docs.sympy.org/latest/_sources/tutorial/basic_operations.rst.txt]
[docs.sympy.org/latest/tutorial/basic_operations.html]
[docs.sympy.org/latest/_images/ipythonqtconsole.png]
[docs.sympy.org/latest/_images/ipythonnotebook.png]
[docs.sympy.org/latest/_images/consoleunicode.png]
[docs.sympy.org/latest/_images/consoleascii.png]
[docs.sympy.org/latest/_sources/tutorial/printing.rst.txt]
[docs.sympy.org/latest/tutorial/printing.html]
[docs.sympy.org/latest/tutorial/simplification.html]
[docs.sympy.org/latest/_sources/tutorial/simplification.rst.txt]
[docs.sympy.org/latest/_sources/tutorial/calculus.rst.txt]
[docs.sympy.org/latest/tutorial/calculus.html]
[docs.sympy.org/latest/_sources/tutorial/solvers.rst.txt]
[docs.sympy.org/latest/tutorial/solvers.html]
[docs.sympy.org/latest/_sources/tutorial/matrices.rst.txt]
[docs.sympy.org/latest/tutorial/matrices.html]
[docs.sympy.org/latest/_images/graphviz-d6cfeb1f975b9a36682b7d430767a2c103d8e138.svg]
[docs.sympy.org/latest/_images/graphviz-54ddf0a95326d32e84e72798288dc3762214049f.svg]
[docs.sympy.org/latest/_images/graphviz-5db6e084b5324a156050a50f98fd32d5de3830b5.svg]
[docs.sympy.org/latest/_images/graphviz-bdb16b2f7e291438d35e7ae6af6ca802a803b28c.svg]
[docs.sympy.org/latest/tutorial/manipulation.html]
[docs.sympy.org/latest/_sources/tutorial/manipulation.rst.txt]
[docs.sympy.org/latest/_sources/guides/index.rst.txt]
[docs.sympy.org/latest/guides/index.html]
[docs.sympy.org/latest/_sources/guides/assumptions.rst.txt]
[docs.sympy.org/latest/guides/assumptions.html]
[docs.sympy.org/latest/modules/functions/elementary.html]
[docs.sympy.org/latest/guides/booleans.html]
[docs.sympy.org/latest/_sources/guides/booleans.rst.txt]
[docs.sympy.org/latest/modules/series/series.html]
[docs.sympy.org/latest/gotchas.html]
[docs.sympy.org/latest/_sources/gotchas.rst.txt]
[docs.sympy.org/latest/modules/matrices/dense.html]
[docs.sympy.org/latest/modules/simplify/fu.html]
[docs.sympy.org/latest/_sources/modules/index.rst.txt]
[docs.sympy.org/latest/modules/index.html]
[docs.sympy.org/latest/_sources/modules/abc.rst.txt]
[docs.sympy.org/latest/modules/abc.html]
[docs.sympy.org/latest/_sources/modules/algebras.rst.txt]
[docs.sympy.org/latest/modules/algebras.html]
[docs.sympy.org/latest/_sources/modules/assumptions/index.rst.txt]
[docs.sympy.org/latest/modules/assumptions/index.html]
[docs.sympy.org/latest/_sources/modules/calculus/index.rst.txt]
[docs.sympy.org/latest/modules/calculus/index.html]
[docs.sympy.org/latest/_sources/modules/categories.rst.txt]
[docs.sympy.org/latest/modules/categories.html]
[docs.sympy.org/latest/_sources/modules/codegen.rst.txt]
[docs.sympy.org/latest/modules/codegen.html]
[docs.sympy.org/latest/modules/combinatorics/fp_groups.html]
[docs.sympy.org/latest/modules/combinatorics/pc_groups.html]
[docs.sympy.org/latest/_sources/modules/combinatorics/index.rst.txt]
[docs.sympy.org/latest/modules/combinatorics/index.html]
[docs.sympy.org/latest/_sources/modules/concrete.rst.txt]
[docs.sympy.org/latest/modules/concrete.html]
[docs.sympy.org/latest/_sources/modules/core.rst.txt]
[docs.sympy.org/latest/modules/core.html]
[docs.sympy.org/latest/_sources/modules/crypto.rst.txt]
[docs.sympy.org/latest/modules/crypto.html]
[docs.sympy.org/latest/_sources/modules/diffgeom.rst.txt]
[docs.sympy.org/latest/modules/diffgeom.html]
[docs.sympy.org/latest/_sources/modules/solvers/diophantine.rst.txt]
[docs.sympy.org/latest/modules/solvers/diophantine.html]
[docs.sympy.org/latest/_sources/modules/discrete.rst.txt]
[docs.sympy.org/latest/modules/discrete.html]
[docs.sympy.org/latest/modules/evalf.html]
[docs.sympy.org/latest/_sources/modules/evalf.rst.txt]
[docs.sympy.org/latest/modules/functions/combinatorial.html]
[docs.sympy.org/latest/_sources/modules/functions/index.rst.txt]
[docs.sympy.org/latest/modules/functions/index.html]
[docs.sympy.org/latest/modules/geometry/index.html]
[docs.sympy.org/latest/_sources/modules/geometry/index.rst.txt]
[docs.sympy.org/latest/modules/holonomic/about.html]
[docs.sympy.org/latest/modules/holonomic/represent.html]
[docs.sympy.org/latest/modules/holonomic/operations.html]
[docs.sympy.org/latest/modules/holonomic/convert.html]
[docs.sympy.org/latest/modules/holonomic/uses.html]
[docs.sympy.org/latest/modules/holonomic/internal.html]
[docs.sympy.org/latest/_sources/modules/holonomic/index.rst.txt]
[docs.sympy.org/latest/modules/holonomic/index.html]
[docs.sympy.org/latest/_sources/modules/solvers/inequalities.rst.txt]
[docs.sympy.org/latest/modules/solvers/inequalities.html]
[docs.sympy.org/latest/modules/integrals/integrals.html]
[docs.sympy.org/latest/_sources/modules/integrals/integrals.rst.txt]
[docs.sympy.org/latest/_sources/modules/integrals/g-functions.rst.txt]
[docs.sympy.org/latest/modules/integrals/g-functions.html]
[docs.sympy.org/latest/_sources/modules/interactive.rst.txt]
[docs.sympy.org/latest/modules/interactive.html]
[docs.sympy.org/latest/_sources/modules/liealgebras/index.rst.txt]
[docs.sympy.org/latest/modules/liealgebras/index.html]
[docs.sympy.org/latest/_sources/modules/logic.rst.txt]
[docs.sympy.org/latest/modules/logic.html]
[docs.sympy.org/latest/_sources/modules/matrices/index.rst.txt]
[docs.sympy.org/latest/modules/matrices/index.html]
[docs.sympy.org/latest/_sources/modules/ntheory.rst.txt]
[docs.sympy.org/latest/modules/ntheory.html]
[docs.sympy.org/latest/_sources/modules/numeric-computation.rst.txt]
[docs.sympy.org/latest/modules/numeric-computation.html]
[docs.sympy.org/latest/_sources/modules/solvers/ode.rst.txt]
[docs.sympy.org/latest/modules/solvers/ode.html]
[docs.sympy.org/latest/_sources/modules/parsing.rst.txt]
[docs.sympy.org/latest/modules/parsing.html]
[docs.sympy.org/latest/_sources/modules/solvers/pde.rst.txt]
[docs.sympy.org/latest/modules/solvers/pde.html]
[docs.sympy.org/latest/modules/physics/units/index.html]
[docs.sympy.org/latest/modules/physics/units/philosophy.html]
[docs.sympy.org/latest/modules/physics/units/examples.html]
[docs.sympy.org/latest/modules/physics/vector/vectors.html]
[docs.sympy.org/latest/modules/physics/vector/kinematics.html]
[docs.sympy.org/latest/modules/physics/vector/advanced.html]
[docs.sympy.org/latest/modules/physics/vector/fields.html]
[docs.sympy.org/latest/modules/physics/vector/api/classes.html]
[docs.sympy.org/latest/modules/physics/vector/api/printing.html]
[docs.sympy.org/latest/modules/physics/vector/api/functions.html]
[docs.sympy.org/latest/modules/physics/vector/api/fieldfunctions.html]
[docs.sympy.org/latest/modules/physics/mechanics/masses.html]
[docs.sympy.org/latest/modules/physics/mechanics/kane.html]
[docs.sympy.org/latest/modules/physics/mechanics/lagrange.html]
[docs.sympy.org/latest/modules/physics/mechanics/symsystem.html]
[docs.sympy.org/latest/modules/physics/mechanics/linearize.html]
[docs.sympy.org/latest/modules/physics/mechanics/examples.html]
[docs.sympy.org/latest/modules/physics/mechanics/advanced.html]
[docs.sympy.org/latest/modules/physics/mechanics/reference.html]
[docs.sympy.org/latest/modules/physics/mechanics/autolev_parser.html]
[docs.sympy.org/latest/modules/physics/mechanics/sympy_mechanics_for_autolev_users.html]
[docs.sympy.org/latest/modules/physics/mechanics/api/expr_manip.html]
[docs.sympy.org/latest/modules/physics/mechanics/api/printing.html]
[docs.sympy.org/latest/modules/physics/quantum/index.html]
[docs.sympy.org/latest/modules/physics/optics/index.html]
[docs.sympy.org/latest/modules/physics/control/control.html]
[docs.sympy.org/latest/modules/physics/control/control_plots.html]
[docs.sympy.org/latest/modules/physics/continuum_mechanics/index.html]
[docs.sympy.org/latest/modules/physics/continuum_mechanics/beam_problems.html]
[docs.sympy.org/latest/_sources/modules/physics/index.rst.txt]
[docs.sympy.org/latest/modules/physics/index.html]
[docs.sympy.org/latest/modules/plotting-1.png]
[docs.sympy.org/latest/modules/plotting-1.hires.png]
[docs.sympy.org/latest/modules/plotting-1.pdf]
[docs.sympy.org/latest/_images/plotting-1.png]
[docs.sympy.org/latest/modules/plotting-2.png]
[docs.sympy.org/latest/modules/plotting-2.hires.png]
[docs.sympy.org/latest/modules/plotting-2.pdf]
[docs.sympy.org/latest/_images/plotting-2.png]
[docs.sympy.org/latest/modules/plotting-4.png]
[docs.sympy.org/latest/modules/plotting-4.hires.png]
[docs.sympy.org/latest/modules/plotting-4.pdf]
[docs.sympy.org/latest/_images/plotting-4.png]
[docs.sympy.org/latest/modules/plotting-5.png]
[docs.sympy.org/latest/modules/plotting-5.hires.png]
[docs.sympy.org/latest/modules/plotting-5.pdf]
[docs.sympy.org/latest/_images/plotting-5.png]
[docs.sympy.org/latest/modules/plotting-6.png]
[docs.sympy.org/latest/modules/plotting-6.hires.png]
[docs.sympy.org/latest/modules/plotting-6.pdf]
[docs.sympy.org/latest/_images/plotting-6.png]
[docs.sympy.org/latest/modules/plotting-7.png]
[docs.sympy.org/latest/modules/plotting-7.hires.png]
[docs.sympy.org/latest/modules/plotting-7.pdf]
[docs.sympy.org/latest/_images/plotting-7.png]
[docs.sympy.org/latest/modules/plotting-9.png]
[docs.sympy.org/latest/modules/plotting-9.hires.png]
[docs.sympy.org/latest/modules/plotting-9.pdf]
[docs.sympy.org/latest/_images/plotting-9.png]
[docs.sympy.org/latest/modules/plotting-10.png]
[docs.sympy.org/latest/modules/plotting-10.hires.png]
[docs.sympy.org/latest/modules/plotting-10.pdf]
[docs.sympy.org/latest/_images/plotting-10.png]
[docs.sympy.org/latest/modules/plotting-11.png]
[docs.sympy.org/latest/modules/plotting-11.hires.png]
[docs.sympy.org/latest/modules/plotting-11.pdf]
[docs.sympy.org/latest/_images/plotting-11.png]
[docs.sympy.org/latest/modules/plotting-12.png]
[docs.sympy.org/latest/modules/plotting-12.hires.png]
[docs.sympy.org/latest/modules/plotting-12.pdf]
[docs.sympy.org/latest/_images/plotting-12.png]
[docs.sympy.org/latest/modules/plotting-13.png]
[docs.sympy.org/latest/modules/plotting-13.hires.png]
[docs.sympy.org/latest/modules/plotting-13.pdf]
[docs.sympy.org/latest/_images/plotting-13.png]
[docs.sympy.org/latest/modules/plotting-15.png]
[docs.sympy.org/latest/modules/plotting-15.hires.png]
[docs.sympy.org/latest/modules/plotting-15.pdf]
[docs.sympy.org/latest/_images/plotting-15.png]
[docs.sympy.org/latest/modules/plotting-16.png]
[docs.sympy.org/latest/modules/plotting-16.hires.png]
[docs.sympy.org/latest/modules/plotting-16.pdf]
[docs.sympy.org/latest/_images/plotting-16.png]
[docs.sympy.org/latest/modules/plotting-17.png]
[docs.sympy.org/latest/modules/plotting-17.hires.png]
[docs.sympy.org/latest/modules/plotting-17.pdf]
[docs.sympy.org/latest/_images/plotting-17.png]
[docs.sympy.org/latest/modules/plotting-19.png]
[docs.sympy.org/latest/modules/plotting-19.hires.png]
[docs.sympy.org/latest/modules/plotting-19.pdf]
[docs.sympy.org/latest/_images/plotting-19.png]
[docs.sympy.org/latest/modules/plotting-20.png]
[docs.sympy.org/latest/modules/plotting-20.hires.png]
[docs.sympy.org/latest/modules/plotting-20.pdf]
[docs.sympy.org/latest/_images/plotting-20.png]
[docs.sympy.org/latest/modules/plotting-22.png]
[docs.sympy.org/latest/modules/plotting-22.hires.png]
[docs.sympy.org/latest/modules/plotting-22.pdf]
[docs.sympy.org/latest/_images/plotting-22.png]
[docs.sympy.org/latest/modules/plotting-24.png]
[docs.sympy.org/latest/modules/plotting-24.hires.png]
[docs.sympy.org/latest/modules/plotting-24.pdf]
[docs.sympy.org/latest/_images/plotting-24.png]
[docs.sympy.org/latest/modules/plotting-25.png]
[docs.sympy.org/latest/modules/plotting-25.hires.png]
[docs.sympy.org/latest/modules/plotting-25.pdf]
[docs.sympy.org/latest/_images/plotting-25.png]
[docs.sympy.org/latest/modules/plotting-26.png]
[docs.sympy.org/latest/modules/plotting-26.hires.png]
[docs.sympy.org/latest/modules/plotting-26.pdf]
[docs.sympy.org/latest/_images/plotting-26.png]
[docs.sympy.org/latest/modules/plotting-27.png]
[docs.sympy.org/latest/modules/plotting-27.hires.png]
[docs.sympy.org/latest/modules/plotting-27.pdf]
[docs.sympy.org/latest/_images/plotting-27.png]
[docs.sympy.org/latest/modules/plotting-28.png]
[docs.sympy.org/latest/modules/plotting-28.hires.png]
[docs.sympy.org/latest/modules/plotting-28.pdf]
[docs.sympy.org/latest/_images/plotting-28.png]
[docs.sympy.org/latest/modules/plotting-29.png]
[docs.sympy.org/latest/modules/plotting-29.hires.png]
[docs.sympy.org/latest/modules/plotting-29.pdf]
[docs.sympy.org/latest/_images/plotting-29.png]
[docs.sympy.org/latest/modules/plotting-30.png]
[docs.sympy.org/latest/modules/plotting-30.hires.png]
[docs.sympy.org/latest/modules/plotting-30.pdf]
[docs.sympy.org/latest/_images/plotting-30.png]
[docs.sympy.org/latest/_images/plotting-31_00.png]
[docs.sympy.org/latest/modules/plotting-31_00.png]
[docs.sympy.org/latest/modules/plotting-31_00.hires.png]
[docs.sympy.org/latest/modules/plotting-31_00.pdf]
[docs.sympy.org/latest/_images/plotting-31_01.png]
[docs.sympy.org/latest/modules/plotting-31_01.png]
[docs.sympy.org/latest/modules/plotting-31_01.hires.png]
[docs.sympy.org/latest/modules/plotting-31_01.pdf]
[docs.sympy.org/latest/_images/plotting-32_00.png]
[docs.sympy.org/latest/modules/plotting-32_00.png]
[docs.sympy.org/latest/modules/plotting-32_00.hires.png]
[docs.sympy.org/latest/modules/plotting-32_00.pdf]
[docs.sympy.org/latest/_images/plotting-32_01.png]
[docs.sympy.org/latest/modules/plotting-32_01.png]
[docs.sympy.org/latest/modules/plotting-32_01.hires.png]
[docs.sympy.org/latest/modules/plotting-32_01.pdf]
[docs.sympy.org/latest/_images/plotting-32_02.png]
[docs.sympy.org/latest/modules/plotting-32_02.png]
[docs.sympy.org/latest/modules/plotting-32_02.hires.png]
[docs.sympy.org/latest/modules/plotting-32_02.pdf]
[docs.sympy.org/latest/_images/plotting-32_03.png]
[docs.sympy.org/latest/modules/plotting-32_03.png]
[docs.sympy.org/latest/modules/plotting-32_03.hires.png]
[docs.sympy.org/latest/modules/plotting-32_03.pdf]
[docs.sympy.org/latest/modules/plotting-33.png]
[docs.sympy.org/latest/modules/plotting-33.hires.png]
[docs.sympy.org/latest/modules/plotting-33.pdf]
[docs.sympy.org/latest/_images/plotting-33.png]
[docs.sympy.org/latest/modules/plotting-34.png]
[docs.sympy.org/latest/modules/plotting-34.hires.png]
[docs.sympy.org/latest/modules/plotting-34.pdf]
[docs.sympy.org/latest/_images/plotting-34.png]
[docs.sympy.org/latest/modules/plotting-35.png]
[docs.sympy.org/latest/modules/plotting-35.hires.png]
[docs.sympy.org/latest/modules/plotting-35.pdf]
[docs.sympy.org/latest/_images/plotting-35.png]
[docs.sympy.org/latest/_sources/modules/plotting.rst.txt]
[docs.sympy.org/latest/modules/plotting.html]
[docs.sympy.org/latest/modules/polys/basics.html]
[docs.sympy.org/latest/modules/polys/wester.html]
[docs.sympy.org/latest/modules/polys/agca.html]
[docs.sympy.org/latest/modules/polys/domainsintro.html]
[docs.sympy.org/latest/modules/polys/domainsref.html]
[docs.sympy.org/latest/modules/polys/ringseries.html]
[docs.sympy.org/latest/modules/polys/literature.html]
[docs.sympy.org/latest/modules/polys/domainmatrix.html]
[docs.sympy.org/latest/_sources/modules/polys/index.rst.txt]
[docs.sympy.org/latest/modules/polys/index.html]
[docs.sympy.org/latest/_sources/modules/printing.rst.txt]
[docs.sympy.org/latest/modules/printing.html]
[docs.sympy.org/latest/_sources/modules/rewriting.rst.txt]
[docs.sympy.org/latest/modules/rewriting.html]
[docs.sympy.org/latest/modules/series/sequences.html]
[docs.sympy.org/latest/modules/series/fourier.html]
[docs.sympy.org/latest/modules/series/formal.html]
[docs.sympy.org/latest/modules/series/limitseq.html]
[docs.sympy.org/latest/_sources/modules/series/index.rst.txt]
[docs.sympy.org/latest/modules/series/index.html]
[docs.sympy.org/latest/_sources/modules/sets.rst.txt]
[docs.sympy.org/latest/modules/sets.html]
[docs.sympy.org/latest/_sources/modules/simplify/index.rst.txt]
[docs.sympy.org/latest/modules/simplify/index.html]
[docs.sympy.org/latest/_sources/modules/solvers/solvers.rst.txt]
[docs.sympy.org/latest/modules/solvers/solvers.html]
[docs.sympy.org/latest/_sources/modules/solvers/solveset.rst.txt]
[docs.sympy.org/latest/modules/solvers/solveset.html]
[docs.sympy.org/latest/_sources/modules/stats.rst.txt]
[docs.sympy.org/latest/modules/stats.html]
[docs.sympy.org/latest/_sources/modules/tensor/index.rst.txt]
[docs.sympy.org/latest/modules/tensor/index.html]
[docs.sympy.org/latest/_sources/modules/testing/index.rst.txt]
[docs.sympy.org/latest/modules/testing/index.html]
[docs.sympy.org/latest/_sources/modules/utilities/index.rst.txt]
[docs.sympy.org/latest/modules/utilities/index.html]
[docs.sympy.org/latest/modules/vector/intro.html]
[docs.sympy.org/latest/modules/vector/basics.html]
[docs.sympy.org/latest/modules/vector/coordsys.html]
[docs.sympy.org/latest/modules/vector/fields.html]
[docs.sympy.org/latest/modules/vector/examples.html]
[docs.sympy.org/latest/modules/vector/vector_integration.html]
[docs.sympy.org/latest/modules/vector/api/classes.html]
[docs.sympy.org/latest/modules/vector/api/orienterclasses.html]
[docs.sympy.org/latest/modules/vector/api/vectorfunctions.html]
[docs.sympy.org/latest/_sources/modules/vector/index.rst.txt]
[docs.sympy.org/latest/modules/vector/index.html]
[docs.sympy.org/latest/_sources/special_topics/index.rst.txt]
[docs.sympy.org/latest/special_topics/index.html]
[docs.sympy.org/latest/_sources/special_topics/intro.rst.txt]
[docs.sympy.org/latest/special_topics/intro.html]
[docs.sympy.org/latest/_sources/special_topics/finite_diff_derivatives.rst.txt]
[docs.sympy.org/latest/special_topics/finite_diff_derivatives.html]
[docs.sympy.org/latest/_sources/special_topics/classification.rst.txt]
[docs.sympy.org/latest/special_topics/classification.html]
[docs.sympy.org/latest/_sources/wiki.rst.txt]
[docs.sympy.org/latest/wiki.html]
[docs.sympy.org/latest/_sources/outreach.rst.txt]
[docs.sympy.org/latest/outreach.html]
[docs.sympy.org/latest/_sources/aboutus.rst.txt]
[docs.sympy.org/latest/aboutus.html]
[docs.sympy.org/latest/_sources/citing.rst.txt]
[docs.sympy.org/latest/citing.html]
[docs.sympy.org/latest/documentation-style-guide.html]
[docs.sympy.org/latest/_sources/documentation-style-guide.rst.txt]
[docs.sympy.org/latest/_static/basic.css]
[docs.sympy.org/latest/_static/classic.css]
[docs.sympy.org/latest/genindex.html]
[docs.sympy.org/latest/_sources/modules/assumptions/ask.rst.txt]
[docs.sympy.org/latest/modules/assumptions/ask.html]
[docs.sympy.org/latest/_sources/modules/assumptions/assume.rst.txt]
[docs.sympy.org/latest/modules/assumptions/assume.html]
[docs.sympy.org/latest/_sources/modules/assumptions/predicates.rst.txt]
[docs.sympy.org/latest/modules/assumptions/predicates.html]
[docs.sympy.org/latest/_sources/modules/assumptions/refine.rst.txt]
[docs.sympy.org/latest/modules/assumptions/refine.html]
[docs.sympy.org/latest/_sources/modules/combinatorics/permutations.rst.txt]
[docs.sympy.org/latest/modules/combinatorics/permutations.html]
[docs.sympy.org/latest/_sources/modules/combinatorics/graycode.rst.txt]
[docs.sympy.org/latest/modules/combinatorics/graycode.html]
[docs.sympy.org/latest/_sources/modules/combinatorics/group_constructs.rst.txt]
[docs.sympy.org/latest/modules/combinatorics/group_constructs.html]
[docs.sympy.org/latest/_sources/modules/combinatorics/named_groups.rst.txt]
[docs.sympy.org/latest/modules/combinatorics/named_groups.html]
[docs.sympy.org/latest/_sources/modules/combinatorics/partitions.rst.txt]
[docs.sympy.org/latest/modules/combinatorics/partitions.html]
[docs.sympy.org/latest/_sources/modules/combinatorics/perm_groups.rst.txt]
[docs.sympy.org/latest/modules/combinatorics/perm_groups.html]
[docs.sympy.org/latest/_sources/modules/combinatorics/polyhedron.rst.txt]
[docs.sympy.org/latest/modules/combinatorics/polyhedron.html]
[docs.sympy.org/latest/_sources/modules/combinatorics/prufer.rst.txt]
[docs.sympy.org/latest/modules/combinatorics/prufer.html]
[docs.sympy.org/latest/_sources/modules/combinatorics/subsets.rst.txt]
[docs.sympy.org/latest/modules/combinatorics/subsets.html]
[docs.sympy.org/latest/_sources/modules/combinatorics/tensor_can.rst.txt]
[docs.sympy.org/latest/modules/combinatorics/tensor_can.html]
[docs.sympy.org/latest/_sources/modules/combinatorics/testutil.rst.txt]
[docs.sympy.org/latest/modules/combinatorics/testutil.html]
[docs.sympy.org/latest/_sources/modules/combinatorics/util.rst.txt]
[docs.sympy.org/latest/modules/combinatorics/util.html]
[docs.sympy.org/latest/_sources/modules/functions/special.rst.txt]
[docs.sympy.org/latest/modules/functions/special.html]
[docs.sympy.org/latest/_sources/modules/geometry/curves.rst.txt]
[docs.sympy.org/latest/modules/geometry/curves.html]
[docs.sympy.org/latest/_sources/modules/geometry/ellipses.rst.txt]
[docs.sympy.org/latest/modules/geometry/ellipses.html]
[docs.sympy.org/latest/_sources/modules/geometry/entities.rst.txt]
[docs.sympy.org/latest/modules/geometry/entities.html]
[docs.sympy.org/latest/_sources/modules/geometry/lines.rst.txt]
[docs.sympy.org/latest/modules/geometry/lines.html]
[docs.sympy.org/latest/_sources/modules/geometry/plane.rst.txt]
[docs.sympy.org/latest/modules/geometry/plane.html]
[docs.sympy.org/latest/_sources/modules/geometry/points.rst.txt]
[docs.sympy.org/latest/modules/geometry/points.html]
[docs.sympy.org/latest/_sources/modules/geometry/polygons.rst.txt]
[docs.sympy.org/latest/modules/geometry/polygons.html]
[docs.sympy.org/latest/_sources/modules/geometry/utils.rst.txt]
[docs.sympy.org/latest/modules/geometry/utils.html]
[docs.sympy.org/latest/_sources/modules/matrices/common.rst.txt]
[docs.sympy.org/latest/modules/matrices/common.html]
[docs.sympy.org/latest/_sources/modules/matrices/expressions.rst.txt]
[docs.sympy.org/latest/modules/matrices/expressions.html]
[docs.sympy.org/latest/_sources/modules/matrices/immutablematrices.rst.txt]
[docs.sympy.org/latest/modules/matrices/immutablematrices.html]
[docs.sympy.org/latest/modules/matrices/matrices-1.png]
[docs.sympy.org/latest/modules/matrices/matrices-1.hires.png]
[docs.sympy.org/latest/modules/matrices/matrices-1.pdf]
[docs.sympy.org/latest/_images/matrices-1.png]
[docs.sympy.org/latest/modules/matrices/matrices-2.png]
[docs.sympy.org/latest/modules/matrices/matrices-2.hires.png]
[docs.sympy.org/latest/modules/matrices/matrices-2.pdf]
[docs.sympy.org/latest/_images/matrices-2.png]
[docs.sympy.org/latest/modules/matrices/matrices-3.png]
[docs.sympy.org/latest/modules/matrices/matrices-3.hires.png]
[docs.sympy.org/latest/modules/matrices/matrices-3.pdf]
[docs.sympy.org/latest/_images/matrices-3.png]
[docs.sympy.org/latest/modules/matrices/matrices-4.png]
[docs.sympy.org/latest/modules/matrices/matrices-4.hires.png]
[docs.sympy.org/latest/modules/matrices/matrices-4.pdf]
[docs.sympy.org/latest/_images/matrices-4.png]
[docs.sympy.org/latest/modules/matrices/matrices-5.png]
[docs.sympy.org/latest/modules/matrices/matrices-5.hires.png]
[docs.sympy.org/latest/modules/matrices/matrices-5.pdf]
[docs.sympy.org/latest/_images/matrices-5.png]
[docs.sympy.org/latest/modules/matrices/matrices-6.png]
[docs.sympy.org/latest/modules/matrices/matrices-6.hires.png]
[docs.sympy.org/latest/modules/matrices/matrices-6.pdf]
[docs.sympy.org/latest/_images/matrices-6.png]
[docs.sympy.org/latest/modules/matrices/matrices-7.png]
[docs.sympy.org/latest/modules/matrices/matrices-7.hires.png]
[docs.sympy.org/latest/modules/matrices/matrices-7.pdf]
[docs.sympy.org/latest/_images/matrices-7.png]
[docs.sympy.org/latest/modules/matrices/matrices-8.png]
[docs.sympy.org/latest/modules/matrices/matrices-8.hires.png]
[docs.sympy.org/latest/modules/matrices/matrices-8.pdf]
[docs.sympy.org/latest/_images/matrices-8.png]
[docs.sympy.org/latest/modules/matrices/matrices-9.png]
[docs.sympy.org/latest/modules/matrices/matrices-9.hires.png]
[docs.sympy.org/latest/modules/matrices/matrices-9.pdf]
[docs.sympy.org/latest/_images/matrices-9.png]
[docs.sympy.org/latest/modules/matrices/matrices-10.png]
[docs.sympy.org/latest/modules/matrices/matrices-10.hires.png]
[docs.sympy.org/latest/modules/matrices/matrices-10.pdf]
[docs.sympy.org/latest/_images/matrices-10.png]
[docs.sympy.org/latest/modules/matrices/matrices-11.png]
[docs.sympy.org/latest/modules/matrices/matrices-11.hires.png]
[docs.sympy.org/latest/modules/matrices/matrices-11.pdf]
[docs.sympy.org/latest/_images/matrices-11.png]
[docs.sympy.org/latest/modules/matrices/matrices-12.png]
[docs.sympy.org/latest/modules/matrices/matrices-12.hires.png]
[docs.sympy.org/latest/modules/matrices/matrices-12.pdf]
[docs.sympy.org/latest/_images/matrices-12.png]
[docs.sympy.org/latest/modules/matrices/matrices-13.png]
[docs.sympy.org/latest/modules/matrices/matrices-13.hires.png]
[docs.sympy.org/latest/modules/matrices/matrices-13.pdf]
[docs.sympy.org/latest/_images/matrices-13.png]
[docs.sympy.org/latest/modules/matrices/matrices-14.png]
[docs.sympy.org/latest/modules/matrices/matrices-14.hires.png]
[docs.sympy.org/latest/modules/matrices/matrices-14.pdf]
[docs.sympy.org/latest/_images/matrices-14.png]
[docs.sympy.org/latest/modules/matrices/matrices-15.png]
[docs.sympy.org/latest/modules/matrices/matrices-15.hires.png]
[docs.sympy.org/latest/modules/matrices/matrices-15.pdf]
[docs.sympy.org/latest/_images/matrices-15.png]
[docs.sympy.org/latest/modules/matrices/matrices-16.png]
[docs.sympy.org/latest/modules/matrices/matrices-16.hires.png]
[docs.sympy.org/latest/modules/matrices/matrices-16.pdf]
[docs.sympy.org/latest/_images/matrices-16.png]
[docs.sympy.org/latest/modules/matrices/matrices-17.png]
[docs.sympy.org/latest/modules/matrices/matrices-17.hires.png]
[docs.sympy.org/latest/modules/matrices/matrices-17.pdf]
[docs.sympy.org/latest/_images/matrices-17.png]
[docs.sympy.org/latest/modules/matrices/matrices-18.png]
[docs.sympy.org/latest/modules/matrices/matrices-18.hires.png]
[docs.sympy.org/latest/modules/matrices/matrices-18.pdf]
[docs.sympy.org/latest/_images/matrices-18.png]
[docs.sympy.org/latest/modules/matrices/matrices-19.png]
[docs.sympy.org/latest/modules/matrices/matrices-19.hires.png]
[docs.sympy.org/latest/modules/matrices/matrices-19.pdf]
[docs.sympy.org/latest/_images/matrices-19.png]
[docs.sympy.org/latest/modules/matrices/matrices-20.png]
[docs.sympy.org/latest/modules/matrices/matrices-20.hires.png]
[docs.sympy.org/latest/modules/matrices/matrices-20.pdf]
[docs.sympy.org/latest/_images/matrices-20.png]
[docs.sympy.org/latest/modules/matrices/matrices-21.png]
[docs.sympy.org/latest/modules/matrices/matrices-21.hires.png]
[docs.sympy.org/latest/modules/matrices/matrices-21.pdf]
[docs.sympy.org/latest/_images/matrices-21.png]
[docs.sympy.org/latest/modules/matrices/matrices-22.png]
[docs.sympy.org/latest/modules/matrices/matrices-22.hires.png]
[docs.sympy.org/latest/modules/matrices/matrices-22.pdf]
[docs.sympy.org/latest/_images/matrices-22.png]
[docs.sympy.org/latest/modules/matrices/matrices-23.png]
[docs.sympy.org/latest/modules/matrices/matrices-23.hires.png]
[docs.sympy.org/latest/modules/matrices/matrices-23.pdf]
[docs.sympy.org/latest/_images/matrices-23.png]
[docs.sympy.org/latest/modules/matrices/matrices-24.png]
[docs.sympy.org/latest/modules/matrices/matrices-24.hires.png]
[docs.sympy.org/latest/modules/matrices/matrices-24.pdf]
[docs.sympy.org/latest/_images/matrices-24.png]
[docs.sympy.org/latest/modules/matrices/matrices-25.png]
[docs.sympy.org/latest/modules/matrices/matrices-25.hires.png]
[docs.sympy.org/latest/modules/matrices/matrices-25.pdf]
[docs.sympy.org/latest/_images/matrices-25.png]
[docs.sympy.org/latest/modules/matrices/matrices.html]
[docs.sympy.org/latest/_sources/modules/matrices/matrices.rst.txt]
[docs.sympy.org/latest/_sources/modules/matrices/sparse.rst.txt]
[docs.sympy.org/latest/modules/matrices/sparse.html]
[docs.sympy.org/latest/_sources/modules/matrices/sparsetools.rst.txt]
[docs.sympy.org/latest/modules/matrices/sparsetools.html]
[docs.sympy.org/latest/_images/allowed-sign-conventions.png]
[docs.sympy.org/latest/modules/physics/continuum_mechanics/beam-1.png]
[docs.sympy.org/latest/modules/physics/continuum_mechanics/beam-1.hires.png]
[docs.sympy.org/latest/modules/physics/continuum_mechanics/beam-1.pdf]
[docs.sympy.org/latest/_images/beam-1.png]
[docs.sympy.org/latest/modules/physics/continuum_mechanics/beam-2.png]
[docs.sympy.org/latest/modules/physics/continuum_mechanics/beam-2.hires.png]
[docs.sympy.org/latest/modules/physics/continuum_mechanics/beam-2.pdf]
[docs.sympy.org/latest/_images/beam-2.png]
[docs.sympy.org/latest/modules/physics/continuum_mechanics/beam-3.png]
[docs.sympy.org/latest/modules/physics/continuum_mechanics/beam-3.hires.png]
[docs.sympy.org/latest/modules/physics/continuum_mechanics/beam-3.pdf]
[docs.sympy.org/latest/_images/beam-3.png]
[docs.sympy.org/latest/_images/ildshear.png]
[docs.sympy.org/latest/modules/physics/continuum_mechanics/beam-4.png]
[docs.sympy.org/latest/modules/physics/continuum_mechanics/beam-4.hires.png]
[docs.sympy.org/latest/modules/physics/continuum_mechanics/beam-4.pdf]
[docs.sympy.org/latest/_images/beam-4.png]
[docs.sympy.org/latest/modules/physics/continuum_mechanics/beam-5.png]
[docs.sympy.org/latest/modules/physics/continuum_mechanics/beam-5.hires.png]
[docs.sympy.org/latest/modules/physics/continuum_mechanics/beam-5.pdf]
[docs.sympy.org/latest/_images/beam-5.png]
[docs.sympy.org/latest/modules/physics/continuum_mechanics/beam-6.png]
[docs.sympy.org/latest/modules/physics/continuum_mechanics/beam-6.hires.png]
[docs.sympy.org/latest/modules/physics/continuum_mechanics/beam-6.pdf]
[docs.sympy.org/latest/_images/beam-6.png]
[docs.sympy.org/latest/modules/physics/continuum_mechanics/beam-7.png]
[docs.sympy.org/latest/modules/physics/continuum_mechanics/beam-7.hires.png]
[docs.sympy.org/latest/modules/physics/continuum_mechanics/beam-7.pdf]
[docs.sympy.org/latest/_images/beam-7.png]
[docs.sympy.org/latest/modules/physics/continuum_mechanics/beam-8.png]
[docs.sympy.org/latest/modules/physics/continuum_mechanics/beam-8.hires.png]
[docs.sympy.org/latest/modules/physics/continuum_mechanics/beam-8.pdf]
[docs.sympy.org/latest/_images/beam-8.png]
[docs.sympy.org/latest/modules/physics/continuum_mechanics/beam-9.png]
[docs.sympy.org/latest/modules/physics/continuum_mechanics/beam-9.hires.png]
[docs.sympy.org/latest/modules/physics/continuum_mechanics/beam-9.pdf]
[docs.sympy.org/latest/_images/beam-9.png]
[docs.sympy.org/latest/modules/physics/continuum_mechanics/beam-10.png]
[docs.sympy.org/latest/modules/physics/continuum_mechanics/beam-10.hires.png]
[docs.sympy.org/latest/modules/physics/continuum_mechanics/beam-10.pdf]
[docs.sympy.org/latest/_images/beam-10.png]
[docs.sympy.org/latest/_images/ildreaction.png]
[docs.sympy.org/latest/modules/physics/continuum_mechanics/beam-18.png]
[docs.sympy.org/latest/modules/physics/continuum_mechanics/beam-18.hires.png]
[docs.sympy.org/latest/modules/physics/continuum_mechanics/beam-18.pdf]
[docs.sympy.org/latest/_images/beam-18.png]
[docs.sympy.org/latest/modules/physics/continuum_mechanics/beam-19.png]
[docs.sympy.org/latest/modules/physics/continuum_mechanics/beam-19.hires.png]
[docs.sympy.org/latest/modules/physics/continuum_mechanics/beam-19.pdf]
[docs.sympy.org/latest/_images/beam-19.png]
[docs.sympy.org/latest/modules/physics/continuum_mechanics/beam-20.png]
[docs.sympy.org/latest/modules/physics/continuum_mechanics/beam-20.hires.png]
[docs.sympy.org/latest/modules/physics/continuum_mechanics/beam-20.pdf]
[docs.sympy.org/latest/_images/beam-20.png]
[docs.sympy.org/latest/modules/physics/continuum_mechanics/beam-21.png]
[docs.sympy.org/latest/modules/physics/continuum_mechanics/beam-21.hires.png]
[docs.sympy.org/latest/modules/physics/continuum_mechanics/beam-21.pdf]
[docs.sympy.org/latest/_images/beam-21.png]
[docs.sympy.org/latest/modules/physics/continuum_mechanics/beam-22.png]
[docs.sympy.org/latest/modules/physics/continuum_mechanics/beam-22.hires.png]
[docs.sympy.org/latest/modules/physics/continuum_mechanics/beam-22.pdf]
[docs.sympy.org/latest/_images/beam-22.png]
[docs.sympy.org/latest/modules/physics/continuum_mechanics/beam-23.png]
[docs.sympy.org/latest/modules/physics/continuum_mechanics/beam-23.hires.png]
[docs.sympy.org/latest/modules/physics/continuum_mechanics/beam-23.pdf]
[docs.sympy.org/latest/_images/beam-23.png]
[docs.sympy.org/latest/_sources/modules/physics/continuum_mechanics/beam.rst.txt]
[docs.sympy.org/latest/modules/physics/continuum_mechanics/beam.html]
[docs.sympy.org/latest/_sources/modules/physics/control/index.rst.txt]
[docs.sympy.org/latest/modules/physics/control/index.html]
[docs.sympy.org/latest/_sources/modules/physics/control/lti.rst.txt]
[docs.sympy.org/latest/modules/physics/control/lti.html]
[docs.sympy.org/latest/_sources/modules/physics/hep/index.rst.txt]
[docs.sympy.org/latest/modules/physics/hep/index.html]
[docs.sympy.org/latest/_sources/modules/physics/hydrogen.rst.txt]
[docs.sympy.org/latest/modules/physics/hydrogen.html]
[docs.sympy.org/latest/_sources/modules/physics/matrices.rst.txt]
[docs.sympy.org/latest/modules/physics/matrices.html]
[docs.sympy.org/latest/modules/physics/mechanics/examples/rollingdisc_example.html]
[docs.sympy.org/latest/modules/physics/mechanics/examples/bicycle_example.html]
[docs.sympy.org/latest/modules/physics/mechanics/examples/lin_pend_nonmin_example.html]
[docs.sympy.org/latest/modules/physics/mechanics/examples/multi_degree_freedom_holonomic_system.html]
[docs.sympy.org/latest/_sources/modules/physics/mechanics/index.rst.txt]
[docs.sympy.org/latest/modules/physics/mechanics/index.html]
[docs.sympy.org/latest/_sources/modules/physics/mechanics/api/body.rst.txt]
[docs.sympy.org/latest/modules/physics/mechanics/api/body.html]
[docs.sympy.org/latest/_sources/modules/physics/mechanics/api/joint.rst.txt]
[docs.sympy.org/latest/modules/physics/mechanics/api/joint.html]
[docs.sympy.org/latest/_sources/modules/physics/mechanics/api/kane_lagrange.rst.txt]
[docs.sympy.org/latest/modules/physics/mechanics/api/kane_lagrange.html]
[docs.sympy.org/latest/_sources/modules/physics/mechanics/api/linearize.rst.txt]
[docs.sympy.org/latest/modules/physics/mechanics/api/linearize.html]
[docs.sympy.org/latest/_sources/modules/physics/mechanics/api/part_bod.rst.txt]
[docs.sympy.org/latest/modules/physics/mechanics/api/part_bod.html]
[docs.sympy.org/latest/_sources/modules/physics/mechanics/api/system.rst.txt]
[docs.sympy.org/latest/modules/physics/mechanics/api/system.html]
[docs.sympy.org/latest/_sources/modules/physics/optics/gaussopt.rst.txt]
[docs.sympy.org/latest/modules/physics/optics/gaussopt.html]
[docs.sympy.org/latest/_sources/modules/physics/optics/medium.rst.txt]
[docs.sympy.org/latest/modules/physics/optics/medium.html]
[docs.sympy.org/latest/_sources/modules/physics/optics/polarization.rst.txt]
[docs.sympy.org/latest/modules/physics/optics/polarization.html]
[docs.sympy.org/latest/_sources/modules/physics/optics/utils.rst.txt]
[docs.sympy.org/latest/modules/physics/optics/utils.html]
[docs.sympy.org/latest/_sources/modules/physics/optics/waves.rst.txt]
[docs.sympy.org/latest/modules/physics/optics/waves.html]
[docs.sympy.org/latest/_sources/modules/physics/paulialgebra.rst.txt]
[docs.sympy.org/latest/modules/physics/paulialgebra.html]
[docs.sympy.org/latest/_sources/modules/physics/qho_1d.rst.txt]
[docs.sympy.org/latest/modules/physics/qho_1d.html]
[docs.sympy.org/latest/_sources/modules/physics/quantum/anticommutator.rst.txt]
[docs.sympy.org/latest/modules/physics/quantum/anticommutator.html]
[docs.sympy.org/latest/_sources/modules/physics/quantum/cartesian.rst.txt]
[docs.sympy.org/latest/modules/physics/quantum/cartesian.html]
[docs.sympy.org/latest/_sources/modules/physics/quantum/cg.rst.txt]
[docs.sympy.org/latest/modules/physics/quantum/cg.html]
[docs.sympy.org/latest/_sources/modules/physics/quantum/circuitplot.rst.txt]
[docs.sympy.org/latest/modules/physics/quantum/circuitplot.html]
[docs.sympy.org/latest/_sources/modules/physics/quantum/commutator.rst.txt]
[docs.sympy.org/latest/modules/physics/quantum/commutator.html]
[docs.sympy.org/latest/_sources/modules/physics/quantum/constants.rst.txt]
[docs.sympy.org/latest/modules/physics/quantum/constants.html]
[docs.sympy.org/latest/_sources/modules/physics/quantum/dagger.rst.txt]
[docs.sympy.org/latest/modules/physics/quantum/dagger.html]
[docs.sympy.org/latest/_sources/modules/physics/quantum/gate.rst.txt]
[docs.sympy.org/latest/modules/physics/quantum/gate.html]
[docs.sympy.org/latest/_sources/modules/physics/quantum/grover.rst.txt]
[docs.sympy.org/latest/modules/physics/quantum/grover.html]
[docs.sympy.org/latest/_sources/modules/physics/quantum/hilbert.rst.txt]
[docs.sympy.org/latest/modules/physics/quantum/hilbert.html]
[docs.sympy.org/latest/_sources/modules/physics/quantum/innerproduct.rst.txt]
[docs.sympy.org/latest/modules/physics/quantum/innerproduct.html]
[docs.sympy.org/latest/_sources/modules/physics/quantum/operator.rst.txt]
[docs.sympy.org/latest/modules/physics/quantum/operator.html]
[docs.sympy.org/latest/_sources/modules/physics/quantum/operatorset.rst.txt]
[docs.sympy.org/latest/modules/physics/quantum/operatorset.html]
[docs.sympy.org/latest/_sources/modules/physics/quantum/piab.rst.txt]
[docs.sympy.org/latest/modules/physics/quantum/piab.html]
[docs.sympy.org/latest/_sources/modules/physics/quantum/qapply.rst.txt]
[docs.sympy.org/latest/modules/physics/quantum/qapply.html]
[docs.sympy.org/latest/_sources/modules/physics/quantum/qft.rst.txt]
[docs.sympy.org/latest/modules/physics/quantum/qft.html]
[docs.sympy.org/latest/_sources/modules/physics/quantum/qubit.rst.txt]
[docs.sympy.org/latest/modules/physics/quantum/qubit.html]
[docs.sympy.org/latest/_sources/modules/physics/quantum/represent.rst.txt]
[docs.sympy.org/latest/modules/physics/quantum/represent.html]
[docs.sympy.org/latest/_sources/modules/physics/quantum/shor.rst.txt]
[docs.sympy.org/latest/modules/physics/quantum/shor.html]
[docs.sympy.org/latest/_sources/modules/physics/quantum/spin.rst.txt]
[docs.sympy.org/latest/modules/physics/quantum/spin.html]
[docs.sympy.org/latest/_sources/modules/physics/quantum/state.rst.txt]
[docs.sympy.org/latest/modules/physics/quantum/state.html]
[docs.sympy.org/latest/_sources/modules/physics/quantum/tensorproduct.rst.txt]
[docs.sympy.org/latest/modules/physics/quantum/tensorproduct.html]
[docs.sympy.org/latest/_sources/modules/physics/secondquant.rst.txt]
[docs.sympy.org/latest/modules/physics/secondquant.html]
[docs.sympy.org/latest/_sources/modules/physics/sho.rst.txt]
[docs.sympy.org/latest/modules/physics/sho.html]
[docs.sympy.org/latest/_sources/modules/physics/units/dimensions.rst.txt]
[docs.sympy.org/latest/modules/physics/units/dimensions.html]
[docs.sympy.org/latest/_sources/modules/physics/units/prefixes.rst.txt]
[docs.sympy.org/latest/modules/physics/units/prefixes.html]
[docs.sympy.org/latest/_sources/modules/physics/units/quantities.rst.txt]
[docs.sympy.org/latest/modules/physics/units/quantities.html]
[docs.sympy.org/latest/_sources/modules/physics/units/unitsystem.rst.txt]
[docs.sympy.org/latest/modules/physics/units/unitsystem.html]
[docs.sympy.org/latest/_sources/modules/physics/vector/index.rst.txt]
[docs.sympy.org/latest/modules/physics/vector/index.html]
[docs.sympy.org/latest/_sources/modules/physics/vector/api/kinematics.rst.txt]
[docs.sympy.org/latest/modules/physics/vector/api/kinematics.html]
[docs.sympy.org/latest/_sources/modules/physics/wigner.rst.txt]
[docs.sympy.org/latest/modules/physics/wigner.html]
[docs.sympy.org/latest/_sources/modules/polys/reference.rst.txt]
[docs.sympy.org/latest/modules/polys/reference.html]
[docs.sympy.org/latest/_sources/modules/polys/internals.rst.txt]
[docs.sympy.org/latest/modules/polys/internals.html]
[docs.sympy.org/latest/_sources/modules/polys/solvers.rst.txt]
[docs.sympy.org/latest/modules/polys/solvers.html]
[docs.sympy.org/latest/_sources/modules/simplify/simplify.rst.txt]
[docs.sympy.org/latest/modules/simplify/simplify.html]
[docs.sympy.org/latest/_sources/modules/simplify/hyperexpand.rst.txt]
[docs.sympy.org/latest/modules/simplify/hyperexpand.html]
[docs.sympy.org/latest/_sources/modules/tensor/array.rst.txt]
[docs.sympy.org/latest/modules/tensor/array.html]
[docs.sympy.org/latest/_sources/modules/tensor/index_methods.rst.txt]
[docs.sympy.org/latest/modules/tensor/index_methods.html]
[docs.sympy.org/latest/_sources/modules/tensor/indexed.rst.txt]
[docs.sympy.org/latest/modules/tensor/indexed.html]
[docs.sympy.org/latest/_sources/modules/tensor/tensor.rst.txt]
[docs.sympy.org/latest/modules/tensor/tensor.html]
[docs.sympy.org/latest/_sources/modules/tensor/toperators.rst.txt]
[docs.sympy.org/latest/modules/tensor/toperators.html]
[docs.sympy.org/latest/_sources/modules/testing/pytest.rst.txt]
[docs.sympy.org/latest/modules/testing/pytest.html]
[docs.sympy.org/latest/_sources/modules/testing/randtest.rst.txt]
[docs.sympy.org/latest/modules/testing/randtest.html]
[docs.sympy.org/latest/_sources/modules/testing/runtests.rst.txt]
[docs.sympy.org/latest/modules/testing/runtests.html]
[docs.sympy.org/latest/_sources/modules/utilities/autowrap.rst.txt]
[docs.sympy.org/latest/modules/utilities/autowrap.html]
[docs.sympy.org/latest/_sources/modules/utilities/codegen.rst.txt]
[docs.sympy.org/latest/modules/utilities/codegen.html]
[docs.sympy.org/latest/_sources/modules/utilities/decorator.rst.txt]
[docs.sympy.org/latest/modules/utilities/decorator.html]
[docs.sympy.org/latest/_sources/modules/utilities/enumerative.rst.txt]
[docs.sympy.org/latest/modules/utilities/enumerative.html]
[docs.sympy.org/latest/_sources/modules/utilities/iterables.rst.txt]
[docs.sympy.org/latest/modules/utilities/iterables.html]
[docs.sympy.org/latest/_sources/modules/utilities/lambdify.rst.txt]
[docs.sympy.org/latest/modules/utilities/lambdify.html]
[docs.sympy.org/latest/_sources/modules/utilities/memoization.rst.txt]
[docs.sympy.org/latest/modules/utilities/memoization.html]
[docs.sympy.org/latest/_sources/modules/utilities/misc.rst.txt]
[docs.sympy.org/latest/modules/utilities/misc.html]
[docs.sympy.org/latest/_sources/modules/utilities/pkgdata.rst.txt]
[docs.sympy.org/latest/modules/utilities/pkgdata.html]
[docs.sympy.org/latest/_sources/modules/utilities/source.rst.txt]
[docs.sympy.org/latest/modules/utilities/source.html]
[docs.sympy.org/latest/_sources/modules/utilities/timeutils.rst.txt]
[docs.sympy.org/latest/modules/utilities/timeutils.html]
[docs.sympy.org/latest/_images/graphviz-d6cfeb1f975b9a36682b7d430767a2c103d8e138.svg]
[docs.sympy.org/latest/_images/graphviz-54ddf0a95326d32e84e72798288dc3762214049f.svg]
[docs.sympy.org/latest/_images/graphviz-5db6e084b5324a156050a50f98fd32d5de3830b5.svg]
[docs.sympy.org/latest/_images/graphviz-bdb16b2f7e291438d35e7ae6af6ca802a803b28c.svg]
[docs.sympy.org/latest/_sources/modules/functions/elementary.rst.txt]
[docs.sympy.org/latest/modules/functions/elementary.html]
[docs.sympy.org/latest/_sources/modules/series/series.rst.txt]
[docs.sympy.org/latest/modules/series/series.html]
[docs.sympy.org/latest/_sources/modules/matrices/dense.rst.txt]
[docs.sympy.org/latest/modules/matrices/dense.html]
[docs.sympy.org/latest/_sources/modules/simplify/fu.rst.txt]
[docs.sympy.org/latest/modules/simplify/fu.html]
[docs.sympy.org/latest/modules/combinatorics/fp_groups.html]
[docs.sympy.org/latest/_sources/modules/combinatorics/fp_groups.rst.txt]
[docs.sympy.org/latest/modules/combinatorics/pc_groups.html]
[docs.sympy.org/latest/_sources/modules/combinatorics/pc_groups.rst.txt]
[docs.sympy.org/latest/_sources/modules/functions/combinatorial.rst.txt]
[docs.sympy.org/latest/modules/functions/combinatorial.html]
[docs.sympy.org/latest/_sources/modules/holonomic/about.rst.txt]
[docs.sympy.org/latest/modules/holonomic/about.html]
[docs.sympy.org/latest/_sources/modules/holonomic/represent.rst.txt]
[docs.sympy.org/latest/modules/holonomic/represent.html]
[docs.sympy.org/latest/_sources/modules/holonomic/operations.rst.txt]
[docs.sympy.org/latest/modules/holonomic/operations.html]
[docs.sympy.org/latest/_sources/modules/holonomic/convert.rst.txt]
[docs.sympy.org/latest/modules/holonomic/convert.html]
[docs.sympy.org/latest/_sources/modules/holonomic/uses.rst.txt]
[docs.sympy.org/latest/modules/holonomic/uses.html]
[docs.sympy.org/latest/_sources/modules/holonomic/internal.rst.txt]
[docs.sympy.org/latest/modules/holonomic/internal.html]
[docs.sympy.org/latest/_sources/modules/physics/units/index.rst.txt]
[docs.sympy.org/latest/modules/physics/units/index.html]
[docs.sympy.org/latest/modules/physics/units/philosophy.html]
[docs.sympy.org/latest/_sources/modules/physics/units/philosophy.rst.txt]
[docs.sympy.org/latest/_sources/modules/physics/units/examples.rst.txt]
[docs.sympy.org/latest/modules/physics/units/examples.html]
[docs.sympy.org/latest/_images/vec_rep.svg]
[docs.sympy.org/latest/_images/vec_add.svg]
[docs.sympy.org/latest/_images/vec_mul.svg]
[docs.sympy.org/latest/_images/vec_dot.svg]
[docs.sympy.org/latest/_images/vec_cross.svg]
[docs.sympy.org/latest/_images/vec_fix_notfix.svg]
[docs.sympy.org/latest/_images/simp_rot.svg]
[docs.sympy.org/latest/_images/vec_simp_der.svg]
[docs.sympy.org/latest/_sources/modules/physics/vector/vectors.rst.txt]
[docs.sympy.org/latest/modules/physics/vector/vectors.html]
[docs.sympy.org/latest/_images/kin_angvel1.svg]
[docs.sympy.org/latest/_images/kin_angvel2.svg]
[docs.sympy.org/latest/_images/kin_angvel3.svg]
[docs.sympy.org/latest/_images/kin_1.svg]
[docs.sympy.org/latest/_images/kin_2pt.svg]
[docs.sympy.org/latest/_images/kin_1pt.svg]
[docs.sympy.org/latest/_images/kin_2.svg]
[docs.sympy.org/latest/_images/kin_3.svg]
[docs.sympy.org/latest/_images/kin_4.svg]
[docs.sympy.org/latest/_images/kin_rolling.svg]
[docs.sympy.org/latest/_sources/modules/physics/vector/kinematics.rst.txt]
[docs.sympy.org/latest/modules/physics/vector/kinematics.html]
[docs.sympy.org/latest/modules/physics/vector/advanced.html]
[docs.sympy.org/latest/_sources/modules/physics/vector/advanced.rst.txt]
[docs.sympy.org/latest/_sources/modules/physics/vector/fields.rst.txt]
[docs.sympy.org/latest/modules/physics/vector/fields.html]
[docs.sympy.org/latest/_sources/modules/physics/vector/api/classes.rst.txt]
[docs.sympy.org/latest/modules/physics/vector/api/classes.html]
[docs.sympy.org/latest/_sources/modules/physics/vector/api/printing.rst.txt]
[docs.sympy.org/latest/modules/physics/vector/api/printing.html]
[docs.sympy.org/latest/_sources/modules/physics/vector/api/functions.rst.txt]
[docs.sympy.org/latest/modules/physics/vector/api/functions.html]
[docs.sympy.org/latest/_sources/modules/physics/vector/api/fieldfunctions.rst.txt]
[docs.sympy.org/latest/modules/physics/vector/api/fieldfunctions.html]
[docs.sympy.org/latest/modules/physics/mechanics/masses.html]
[docs.sympy.org/latest/_sources/modules/physics/mechanics/masses.rst.txt]
[docs.sympy.org/latest/_sources/modules/physics/mechanics/kane.rst.txt]
[docs.sympy.org/latest/modules/physics/mechanics/kane.html]
[docs.sympy.org/latest/modules/physics/mechanics/lagrange.html]
[docs.sympy.org/latest/_sources/modules/physics/mechanics/lagrange.rst.txt]
[docs.sympy.org/latest/modules/physics/examples/lin_pend_nonmin_example.html]
[docs.sympy.org/latest/modules/physics/mechanics/symsystem.html]
[docs.sympy.org/latest/_sources/modules/physics/mechanics/symsystem.rst.txt]
[docs.sympy.org/latest/modules/physics/mechanics/linearize.html]
[docs.sympy.org/latest/_sources/modules/physics/mechanics/linearize.rst.txt]
[docs.sympy.org/latest/_sources/modules/physics/mechanics/examples.rst.txt]
[docs.sympy.org/latest/modules/physics/mechanics/examples.html]
[docs.sympy.org/latest/modules/physics/mechanics/advanced.html]
[docs.sympy.org/latest/_sources/modules/physics/mechanics/advanced.rst.txt]
[docs.sympy.org/latest/_sources/modules/physics/mechanics/reference.rst.txt]
[docs.sympy.org/latest/modules/physics/mechanics/reference.html]
[docs.sympy.org/latest/modules/physics/mechanics/autolev_parser.html]
[docs.sympy.org/latest/_sources/modules/physics/mechanics/autolev_parser.rst.txt]
[docs.sympy.org/latest/modules/physics/mechanics/sympy_mechanics_for_autolev_users.html]
[docs.sympy.org/latest/_sources/modules/physics/mechanics/sympy_mechanics_for_autolev_users.rst.txt]
[docs.sympy.org/latest/_sources/modules/physics/mechanics/api/expr_manip.rst.txt]
[docs.sympy.org/latest/modules/physics/mechanics/api/expr_manip.html]
[docs.sympy.org/latest/_sources/modules/physics/mechanics/api/printing.rst.txt]
[docs.sympy.org/latest/modules/physics/mechanics/api/printing.html]
[docs.sympy.org/latest/_sources/modules/physics/quantum/index.rst.txt]
[docs.sympy.org/latest/modules/physics/quantum/index.html]
[docs.sympy.org/latest/_sources/modules/physics/optics/index.rst.txt]
[docs.sympy.org/latest/modules/physics/optics/index.html]
[docs.sympy.org/latest/_sources/modules/physics/control/control.rst.txt]
[docs.sympy.org/latest/modules/physics/control/control.html]
[docs.sympy.org/latest/modules/physics/control/control_plots-1.png]
[docs.sympy.org/latest/modules/physics/control/control_plots-1.hires.png]
[docs.sympy.org/latest/modules/physics/control/control_plots-1.pdf]
[docs.sympy.org/latest/_images/control_plots-1.png]
[docs.sympy.org/latest/modules/physics/control/control_plots-2.png]
[docs.sympy.org/latest/modules/physics/control/control_plots-2.hires.png]
[docs.sympy.org/latest/modules/physics/control/control_plots-2.pdf]
[docs.sympy.org/latest/_images/control_plots-2.png]
[docs.sympy.org/latest/modules/physics/control/control_plots-3.png]
[docs.sympy.org/latest/modules/physics/control/control_plots-3.hires.png]
[docs.sympy.org/latest/modules/physics/control/control_plots-3.pdf]
[docs.sympy.org/latest/_images/control_plots-3.png]
[docs.sympy.org/latest/modules/physics/control/control_plots-4.png]
[docs.sympy.org/latest/modules/physics/control/control_plots-4.hires.png]
[docs.sympy.org/latest/modules/physics/control/control_plots-4.pdf]
[docs.sympy.org/latest/_images/control_plots-4.png]
[docs.sympy.org/latest/modules/physics/control/control_plots-5.png]
[docs.sympy.org/latest/modules/physics/control/control_plots-5.hires.png]
[docs.sympy.org/latest/modules/physics/control/control_plots-5.pdf]
[docs.sympy.org/latest/_images/control_plots-5.png]
[docs.sympy.org/latest/_sources/modules/physics/control/control_plots.rst.txt]
[docs.sympy.org/latest/modules/physics/control/control_plots.html]
[docs.sympy.org/latest/_sources/modules/physics/continuum_mechanics/index.rst.txt]
[docs.sympy.org/latest/modules/physics/continuum_mechanics/index.html]
[docs.sympy.org/latest/_images/beam_problems-11_00.png]
[docs.sympy.org/latest/modules/physics/continuum_mechanics/beam_problems-11_00.png]
[docs.sympy.org/latest/modules/physics/continuum_mechanics/beam_problems-11_00.hires.png]
[docs.sympy.org/latest/modules/physics/continuum_mechanics/beam_problems-11_00.pdf]
[docs.sympy.org/latest/_images/beam_problems-11_01.png]
[docs.sympy.org/latest/modules/physics/continuum_mechanics/beam_problems-11_01.png]
[docs.sympy.org/latest/modules/physics/continuum_mechanics/beam_problems-11_01.hires.png]
[docs.sympy.org/latest/modules/physics/continuum_mechanics/beam_problems-11_01.pdf]
[docs.sympy.org/latest/_images/beam_problems-13_00.png]
[docs.sympy.org/latest/modules/physics/continuum_mechanics/beam_problems-13_00.png]
[docs.sympy.org/latest/modules/physics/continuum_mechanics/beam_problems-13_00.hires.png]
[docs.sympy.org/latest/modules/physics/continuum_mechanics/beam_problems-13_00.pdf]
[docs.sympy.org/latest/_images/beam_problems-13_01.png]
[docs.sympy.org/latest/modules/physics/continuum_mechanics/beam_problems-13_01.png]
[docs.sympy.org/latest/modules/physics/continuum_mechanics/beam_problems-13_01.hires.png]
[docs.sympy.org/latest/modules/physics/continuum_mechanics/beam_problems-13_01.pdf]
[docs.sympy.org/latest/modules/physics/continuum_mechanics/beam_problems-14.png]
[docs.sympy.org/latest/modules/physics/continuum_mechanics/beam_problems-14.hires.png]
[docs.sympy.org/latest/modules/physics/continuum_mechanics/beam_problems-14.pdf]
[docs.sympy.org/latest/_images/beam_problems-14.png]
[docs.sympy.org/latest/modules/physics/continuum_mechanics/beam_problems-16.png]
[docs.sympy.org/latest/modules/physics/continuum_mechanics/beam_problems-16.hires.png]
[docs.sympy.org/latest/modules/physics/continuum_mechanics/beam_problems-16.pdf]
[docs.sympy.org/latest/_images/beam_problems-16.png]
[docs.sympy.org/latest/modules/physics/continuum_mechanics/beam_problems-18.png]
[docs.sympy.org/latest/modules/physics/continuum_mechanics/beam_problems-18.hires.png]
[docs.sympy.org/latest/modules/physics/continuum_mechanics/beam_problems-18.pdf]
[docs.sympy.org/latest/_images/beam_problems-18.png]
[docs.sympy.org/latest/modules/physics/continuum_mechanics/beam_problems.html]
[docs.sympy.org/latest/_sources/modules/physics/continuum_mechanics/beam_problems.rst.txt]
[docs.sympy.org/latest/_sources/modules/polys/basics.rst.txt]
[docs.sympy.org/latest/modules/polys/basics.html]
[docs.sympy.org/latest/_sources/modules/polys/wester.rst.txt]
[docs.sympy.org/latest/modules/polys/wester.html]
[docs.sympy.org/latest/modules/polys/agca.html]
[docs.sympy.org/latest/_sources/modules/polys/agca.rst.txt]
[docs.sympy.org/latest/modules/polys/domainsintro.html]
[docs.sympy.org/latest/_sources/modules/polys/domainsintro.rst.txt]
[docs.sympy.org/latest/_sources/modules/polys/domainsref.rst.txt]
[docs.sympy.org/latest/modules/polys/domainsref.html]
[docs.sympy.org/latest/_sources/modules/polys/ringseries.rst.txt]
[docs.sympy.org/latest/modules/polys/ringseries.html]
[docs.sympy.org/latest/_sources/modules/polys/literature.rst.txt]
[docs.sympy.org/latest/modules/polys/literature.html]
[docs.sympy.org/latest/_sources/modules/polys/domainmatrix.rst.txt]
[docs.sympy.org/latest/modules/polys/domainmatrix.html]
[docs.sympy.org/latest/_sources/modules/series/sequences.rst.txt]
[docs.sympy.org/latest/modules/series/sequences.html]
[docs.sympy.org/latest/modules/series/fourier-1.png]
[docs.sympy.org/latest/modules/series/fourier-1.hires.png]
[docs.sympy.org/latest/modules/series/fourier-1.pdf]
[docs.sympy.org/latest/_images/fourier-1.png]
[docs.sympy.org/latest/modules/series/fourier-2.png]
[docs.sympy.org/latest/modules/series/fourier-2.hires.png]
[docs.sympy.org/latest/modules/series/fourier-2.pdf]
[docs.sympy.org/latest/_images/fourier-2.png]
[docs.sympy.org/latest/_sources/modules/series/fourier.rst.txt]
[docs.sympy.org/latest/modules/series/fourier.html]
[docs.sympy.org/latest/_sources/modules/series/formal.rst.txt]
[docs.sympy.org/latest/modules/series/formal.html]
[docs.sympy.org/latest/_sources/modules/series/limitseq.rst.txt]
[docs.sympy.org/latest/modules/series/limitseq.html]
[docs.sympy.org/latest/_sources/modules/vector/intro.rst.txt]
[docs.sympy.org/latest/modules/vector/intro.html]
[docs.sympy.org/latest/_sources/modules/vector/basics.rst.txt]
[docs.sympy.org/latest/modules/vector/basics.html]
[docs.sympy.org/latest/_images/coordsys_rot.svg]
[docs.sympy.org/latest/_sources/modules/vector/coordsys.rst.txt]
[docs.sympy.org/latest/modules/vector/coordsys.html]
[docs.sympy.org/latest/modules/vector/fields.html]
[docs.sympy.org/latest/_sources/modules/vector/fields.rst.txt]
[docs.sympy.org/latest/_sources/modules/vector/examples.rst.txt]
[docs.sympy.org/latest/modules/vector/examples.html]
[docs.sympy.org/latest/_sources/modules/vector/vector_integration.rst.txt]
[docs.sympy.org/latest/modules/vector/vector_integration.html]
[docs.sympy.org/latest/_sources/modules/vector/api/classes.rst.txt]
[docs.sympy.org/latest/modules/vector/api/classes.html]
[docs.sympy.org/latest/_sources/modules/vector/api/orienterclasses.rst.txt]
[docs.sympy.org/latest/modules/vector/api/orienterclasses.html]
[docs.sympy.org/latest/_sources/modules/vector/api/vectorfunctions.rst.txt]
[docs.sympy.org/latest/modules/vector/api/vectorfunctions.html]
[docs.sympy.org/latest/_static/file.png]
[docs.sympy.org/latest/_static/basic.css]
[live.sympy.org/static/live-core.css]
[live.sympy.org/static/live-autocomplete.css]
[live.sympy.org/static/live-sphinx.css]
[live.sympy.org/static/utilities.js]
[live.sympy.org/static/external/classy.js]
[live.sympy.org/static/live-core.js]
[live.sympy.org/static/live-autocomplete.js]
[live.sympy.org/static/live-sphinx.js]
[docs.sympy.org/latest/modules/physics/mechanics/examples/rollingdisc_example_kane.html]
[docs.sympy.org/latest/_images/rollingdisc.svg]
[docs.sympy.org/latest/modules/physics/mechanics/examples/rollingdisc_example_kane_constraints.html]
[docs.sympy.org/latest/modules/physics/mechanics/examples/rollingdisc_example_lagrange.html]
[docs.sympy.org/latest/_sources/modules/physics/mechanics/examples/rollingdisc_example.rst.txt]
[docs.sympy.org/latest/modules/physics/mechanics/examples/rollingdisc_example.html]
[docs.sympy.org/latest/_sources/modules/physics/mechanics/examples/bicycle_example.rst.txt]
[docs.sympy.org/latest/modules/physics/mechanics/examples/bicycle_example.html]
[docs.sympy.org/latest/_images/pendulum_nonmin.svg]
[docs.sympy.org/latest/_sources/modules/physics/mechanics/examples/lin_pend_nonmin_example.rst.txt]
[docs.sympy.org/latest/modules/physics/mechanics/examples/lin_pend_nonmin_example.html]
[docs.sympy.org/latest/_images/multidof-holonomic.png]
[docs.sympy.org/latest/_sources/modules/physics/mechanics/examples/multi_degree_freedom_holonomic_system.rst.txt]
[docs.sympy.org/latest/modules/physics/mechanics/examples/multi_degree_freedom_holonomic_system.html]
[docs.sympy.org/latest/_images/vec_rep.svg]
[docs.sympy.org/latest/_images/vec_add.svg]
[docs.sympy.org/latest/_images/vec_mul.svg]
[docs.sympy.org/latest/_images/vec_dot.svg]
[docs.sympy.org/latest/_images/vec_cross.svg]
[docs.sympy.org/latest/_images/vec_fix_notfix.svg]
[docs.sympy.org/latest/_images/simp_rot.svg]
[docs.sympy.org/latest/_images/vec_simp_der.svg]
[docs.sympy.org/latest/_images/kin_angvel1.svg]
[docs.sympy.org/latest/_images/kin_angvel2.svg]
[docs.sympy.org/latest/_images/kin_angvel3.svg]
[docs.sympy.org/latest/_images/drawing.svg]
[docs.sympy.org/latest/_images/kin_1.svg]
[docs.sympy.org/latest/_images/kin_2pt.svg]
[docs.sympy.org/latest/_images/kin_1pt.svg]
[docs.sympy.org/latest/_images/kin_2.svg]
[docs.sympy.org/latest/_images/kin_3.svg]
[docs.sympy.org/latest/_images/kin_4.svg]
[docs.sympy.org/latest/_images/kin_rolling.svg]
[docs.sympy.org/latest/modules/physics/examples/lin_pend_nonmin_example.html]
[docs.sympy.org/latest/_images/coordsys_rot.svg]
[cdnjs.cloudflare.com/ajax/libs/mathjax/2.7.5/latest8331.js]
[docs.sympy.org/latest/_sources/modules/physics/mechanics/examples/rollingdisc_example_kane.rst.txt]
[docs.sympy.org/latest/modules/physics/mechanics/examples/rollingdisc_example_kane.html]
[docs.sympy.org/latest/_images/rollingdisc.svg]
[docs.sympy.org/latest/_sources/modules/physics/mechanics/examples/rollingdisc_example_kane_constraints.rst.txt]
[docs.sympy.org/latest/modules/physics/mechanics/examples/rollingdisc_example_kane_constraints.html]
[docs.sympy.org/latest/_sources/modules/physics/mechanics/examples/rollingdisc_example_lagrange.rst.txt]
[docs.sympy.org/latest/modules/physics/mechanics/examples/rollingdisc_example_lagrange.html]
[docs.sympy.org/latest/_images/Pendulum_NonMin_Coord.svg]
[docs.sympy.org/latest/_images/pendulum_nonmin.svg]
[docs.sympy.org/latest/_images/drawing.html]
[docs.sympy.org/latest/_images/Pendulum_NonMin_Coord.html]
